{
  "generated_at": "2026-03-17T20:00:00Z",
  "plugins_used": [
    { "name": "AWSKeyDetector" },
    { "name": "BasicAuthDetector" },
    { "name": "GitHubTokenDetector" },
    { "name": "HexHighEntropyString", "limit": 3 },
    { "name": "JwtTokenDetector" },
    { "name": "KeywordDetector" },
    { "name": "PrivateKeyDetector" },
    { "name": "SlackDetector" },
    { "name": "StripeDetector" }
  ],
  "filters_used": [
    { "path": "detect_secrets.filters.common.is_baseline_file", "filename": ".secrets.baseline" },
    { "path": "detect_secrets.filters.common.is_indirect_reference" }
  ],
  "results": {},
  "version": "1.5.0"
}
